15:35:10 **** Incremental Build of configuration Debug for project Motor ****
make -j4 all 
arm-none-eabi-gcc "../Core/Src/servo.c" -mcpu=cortex-m3 -std=gnu11 -g3 -DUSE_HAL_DRIVER -DSTM32F103xB -DDEBUG -c -I../Drivers/CMSIS/Device/ST/STM32F1xx/Include -I../Drivers/CMSIS/Include -I../Core/Inc -I../Drivers/STM32F1xx_HAL_Driver/Inc/Legacy -I../Drivers/STM32F1xx_HAL_Driver/Inc -O0 -ffunction-sections -fdata-sections -Wall -fstack-usage -MMD -MP -MF"Core/Src/servo.d" -MT"Core/Src/servo.o" --specs=nano.specs -mfloat-abi=soft -mthumb -o "Core/Src/servo.o"
arm-none-eabi-gcc -o "Motor.elf" @"objects.list"   -mcpu=cortex-m3 -T"C:\Users\siawa\OneDrive\Dokumenter\stm32\Motor\STM32F103C8TX_FLASH.ld" --specs=nosys.specs -Wl,-Map="Motor.map" -Wl,--gc-sections -static --specs=nano.specs -mfloat-abi=soft -mthumb -Wl,--start-group -lc -lm -Wl,--end-group
Finished building target: Motor.elf
 
arm-none-eabi-objdump -h -S  Motor.elf  > "Motor.list"
arm-none-eabi-size   Motor.elf 
   text	   data	    bss	    dec	    hex	filename
  10620	     20	   1652	  12292	   3004	Motor.elf
Finished building: default.size.stdout
Finished building: Motor.list
 
 

15:35:16 Build Finished. 0 errors, 0 warnings. (took 6s.16ms)

